30 40
..............................
.........bbwbb................
..s....bbbbbbbb.......wx......
......bbbbbbbbb.......xw......
.......bbbbxbbbb..............
....b...........b.............
....bbbb.....bbbbb............
...bb...bbb...bb.......b......
.........bb...b....bbb........
..........bb....w.......b.....
...........bb......x.bb.b.....
............bb....bbb...b.....
..x...........bb...b..........
.............bb...b.......xb..
......w.....bb....b......bw...
..........bb....b.............
........bb..x...bbbx..........
..s.....bb....bb..............
.......bb....bb...............
......xbb....bbx..............
......bbx...bb................
.....bb......bb.........s.....
..bbb...w.....xbb.............
bb............bbbb............
bb..........x...bb............
bbb...............bbb.........
..bb...w............bb........
....bb................bb......
...........x...........bb.....
.......................bb.....
........................bb....
.........................bbw..
..........................bb..
.............s.............b..
..............................
.......x......................
....................x.........
..............................
..............................
.........x....................