50 50
. . . . . . . . . . . . . . . . . . . . . . . . . . . . . . . . . . . . . . . . . . . . . . . . . .
. s . . . . . . . . . . . s . . . . . . . . . . . s . . . . . . . . . . . . . . s . . . . . . . s .
. . . . . . . . . . . . . . . . . . . . . . . . . . . . . . . . . . . . . . . . . . . . . . . . . .
. . . . . . . . . . . . . . . . . . . . . . . . . . . . . . . . . . . . . . . . . . . . . . . . . .
. . . . . . . . . . . . . . . b . . . . . . . . . . . . . . . . b . . . . . . . . . . . . . . . . .
. . . . . . . . . . . . . . . b . . . . . . . . . . . . . . . . b . . . . . . . . . . . . . . . . .
. . . . . . . . . . . . . . . b . . . . . . . . . . . . . . . . b . . . . . . . . . . . . . . . . .
. . . . . . . . . . . . . . . b . . . . . . . . . . . . . . . . b . . . . . . . . . . . . . . . . .
. . . . . . . b . . . . . . . b . . . . . . . . . . . . . . . . b . . . . . . . . b . . . . . . . .
. . . . . . . b . . . . . . . b . . . . . . . . . . . . . . . . b . . . . . . . . b . . . . . . . .
. s . . . . b b . . . . . . . b . . . . . . . . . . . . . . . . b . . . . . . . . b b . . . . . s .
. . . . . . b . . . . . . . . b . x . . . . . . . . . . . . x . b . . . . . . . . . b . . . . . . .
. . . . . . b w . . . . . . . b . . . . . . . . . . . . . . . . b . . . . . . . . w b . . . . . . .
. . . . . . b . . . . . . . . b . . . . . . . . . . . . . . . . b . . . . . . . . . b . . . . . . .
. . . . . . b b . . . . . . . b . . . . . . . . . . . . . . . . b . . . . . . . . b b . . . . . . .
. . . . . . . b . . . . . . . b . . . . . . . . . . . . . . . . b . . . . . . . . b . . . . . . . .
. . . . . . . b . . . . . . . b . . . . . . . . . . . . . . . . b . . . . . . . . b . . . . . . . .
. . . . . . . . . . . . . . . b . . . . . . . . w . . . . . . . b . . . . . . . . . . . . . . . . .
. . . . . . . . . . . . . . . b b b b b b b b b b b b b b b b b b . . . . . . . . . . . . . . . . .
. . . . . . . . . . . . . . . . . . . . . . . . . . . . . . . . . . . . . . . . . . . . . . . . . .
. . . . . . . . . . . . . . . . . . . . . . . . . . . . . . . . . . . . . . . . . . . . . . . . . .
. . . . . . . . . . . . . . . . . . . . . . . . . . . . . . . . . . . . . . . . . . . . . . . . . .
. . . . . . . . . . p . . . . . . . . . . . . . . . . . . . . . . . . . . . . . . . . . . . . . . .
. . . . . . . . . . . . . . . . . . . . . . . . . . . . . . . . . . . . . . . . . . . . . . . . . .
. s . . . . . . . . . . . . . . . . . . . . . . . . . . . . . . . . . . . . . . . . . . . . . . s .
. . . . . . . . . . . . . . . . . . . . . . . . . . . . . . . . . . . . . . . . . . . . . . . . . .
. . . . . . . . . . . . . . . . . . . . . . . . . . . . . . x . . . . . . . x . . . . . . . . . . .
. . . . . . . . . . . . . . . . . . . . . . . . . . . . . . . . . . . . . . . . . . . . . . . . . .
. . . . . . . . . . . . . . . . . . . . . . . . . . . . . . . . . . . . . . . . . . . . . . . . . .
. . . . . . . . . w . . . b b b . . . w . . . . . . . . . . . . . . . . . . . . . . . . . . . . . .
. . . . . . . . b b b b b b b b b b b b b . . . . . . . . . . . . . p . . . . . . . . . . . . . . .
. . . . . . . . . w . . . b b b . . . w . . . . . . . . . . . . . . . . . . . . . . . . . . . . . .
. . . . . . . . . . . . . . . . . . . . . . . . . . . . . . . . . . . . . . . . . . . . . . . . . .
. . . . . . . . . . . . . . . . . . . . . . . . . . . . . . x . . . . . . . x . . . . . . . . . . .
. . . . . . . . . . . . . . . . . . . . . . . . . . . . . . . . . . . . . . . . . . . . . . . . . .
. . . . . . . . . . . . . . . . . . . . . . . . . . . . . . . . . . . . . . . . . . . . . . . . . .
. s . . . . . . . . . . . . . . . . . . . . . . . . . . . . . . . . . . . . . . . . . . . . . . s .
. . . . . . . . . . . . . . . . . . . . . . . . . . . . . . . . . . . . . . . . . . . . . . . . . .
. . . . . . b b . . . . . . . . . . . . . . . . . . . . . . . . . . . . . . . . b b . . . . . . . .
. . . . . . . b . . . . . . . . . . . b . . . b . . . . . . . . . . . . . . . . b . . . . . . . . .
. . . . . . . b . . . . . . . . . . . . . . . . . . . . . . . . . . . . . . . . b . . . . . . . . .
. . . . . . . b . . . . . . . . . . . . . p . . . . . . . . . . . . . . . . . . b . . . . . . . . .
. . . . . . b b . . . . . . . . . . . . . . . . . . . . . . . . . . . . . . . . b b . . . . . . . .
. . . . . . . . . . . . . . . . . . . b . . . b . . . . . . . . . . . . . . . . . . . . . . . . . .
. . . . . . . . . . . . . . . . . . . . . . . . . . . . . . . . . . . . . . . . . . . . . . . . . .
. . . . . . . . . . . . . . . . . . . . . . . . . . . . . . . . . . . . . . . . . . . . . . . . . .
. . . . . . . . . . . . . . . . . . . . . . . . . . . . . . . . . . . . . . . . . . . . . . . . . .
. . . . . . . . . . . . . . . . . . . . . . . . . . . . . . . . . . . . . . . . . . . . . . . . . .
. s . . . . . . . . . s . . . . . . . . . . . . . s . . . . . . . . . . . . s . . . . . . . . . s .
. . . . . . . . . . . . . . . . . . . . . . . . . . . . . . . . . . . . . . . . . . . . . . . . . .
