30 30
. . . . . . . . . . . . . . . . . . . . . . . . . . . . . .
. w . . . . . . . . . . . . . . . . . . . . . . . . . . w .
. . . . . . . . . . . . . . . . . . . . . . . . . . . . . .
. . . . . . s . . . . . . . s . . . . . . . . s . . . . . .
. . . . . . . . . . . . . . . . . . . . . . . . . . . . . .
. . . . . . . . . . . . . . . . . . . . . . . . . . . . . .
. . . . . . . . . . . . . . . . . . . . . . . . . . . . . .
. . . . . . . . . . . . . . . . . . . . . . . . . . . . . .
. . . . . . . . . . . . . . . . . . . . . . . . . . . . . .
. . . . . . . . . . . . . . . . . . . . . . . . . . . . . .
. . . . . . . . . . . . . . . . . . . . . . . . . . . . . .
. . . . . . . . . . . . . . . . . . . . . . . . . . . . . .
. . . . . . . x . . . . . . . . . . . . . x . . . . . . . .
. . . . . . b b b . . . . . . . . . . . b b b . . . . . . .
. . p . . x b b b x . . . . w . . . . x b b b x . . p . . .
. . . . . . b b b . . . . . . . . . . . b b b . . . . . . .
. . . . . . . x . . . . . . . . . . . . . x . . . . . . . .
. . . . . . . . . . . . . . . . . . . . . . . . . . . . . .
. . . . . . . . . . . . . . . . . . . . . . . . . . . . . .
. . . . . . . . . . . . . . . . . . . . . . . . . . . . . .
. . . . . . . . . . . . . . . . . . . . . . . . . . . . . .
. . . . . . . . . . . . . . . . . . . . . . . . . . . . . .
. . . . . . . . . . . . . . . . . . . . . . . . . . . . . .
. . . . . . . . . . . . . . . . . . . . . . . . . . . . . .
. . . . . . . . . . . . . . . . . . . . . . . . . . . . . .
. . . . . . . . . . . . . . . . . . . . . . . . . . . . . .
. . . . . . s . . . . . . . s . . . . . . . . s . . . . . .
. . . . . . . . . . . . . . . . . . . . . . . . . . . . . .
. w . . . . . . . . . . . . . . . . . . . . . . . . . . w .
. . . . . . . . . . . . . . . . . . . . . . . . . . . . . .
